******************************************************************************
             TMS320C2000 Linker PC v15.12.4                    
******************************************************************************
>> Linked Wed Oct 04 15:49:07 2017

OUTPUT FILE NAME:   <FIR_filter_offline.out>
ENTRY POINT SYMBOL: "_c_int00"  address: 0000822e


MEMORY CONFIGURATION

         name            origin    length      used     unused   attr    fill
----------------------  --------  ---------  --------  --------  ----  --------
PAGE 0:
  RESET_M               00000000   00000002  00000002  00000000  RWIX
  P_M0                  00000122   000002de  00000000  000002de  RWIX
  P_M1                  00000400   00000400  00000000  00000400  RWIX
  P_LS05                00008000   00003000  00000a5d  000025a3  RWIX
  P_D01                 0000b000   00001000  000000f9  00000f07  RWIX
  P_GS05                0000c000   00006000  00000000  00006000  RWIX
  RESET_F               00080000   00000002  00000000  00000002  RWIX
  P_FA                  00080002   00001ffe  00000000  00001ffe  RWIX
  P_FB                  00082000   00002000  00000000  00002000  RWIX
  P_FC                  00084000   00002000  00000000  00002000  RWIX
  P_FD                  00086000   00002000  00000000  00002000  RWIX
  P_FE                  00088000   00008000  00000000  00008000  RWIX
  P_FF                  00090000   00008000  00000000  00008000  RWIX
  P_FG                  00098000   00008000  00000000  00008000  RWIX
  P_FH                  000a0000   00008000  00000000  00008000  RWIX
  P_FI                  000a8000   00008000  00000000  00008000  RWIX
  P_FJ                  000b0000   00008000  00000000  00008000  RWIX
  P_FK                  000b8000   00002000  00000000  00002000  RWIX
  P_FL                  000ba000   00002000  00000000  00002000  RWIX
  P_FM                  000bc000   00002000  00000000  00002000  RWIX
  P_FN                  000be000   00002000  00000000  00002000  RWIX

PAGE 1:
  BOOT_RSVD             00000002   00000120  00000000  00000120  RWIX
  D_M0                  00000122   000002de  00000000  000002de  RWIX
  D_M1                  00000400   00000400  00000200  00000200  RWIX
  ADCA_RESULT           00000b00   00000020  00000018  00000008  RWIX
  ADCB_RESULT           00000b20   00000020  00000018  00000008  RWIX
  ADCC_RESULT           00000b40   00000020  00000018  00000008  RWIX
  ADCD_RESULT           00000b60   00000020  00000018  00000008  RWIX
  CPU_TIMER0            00000c00   00000008  00000008  00000000  RWIX
  CPU_TIMER1            00000c08   00000008  00000008  00000000  RWIX
  CPU_TIMER2            00000c10   00000008  00000008  00000000  RWIX
  PIE_CTRL              00000ce0   00000020  0000001a  00000006  RWIX
  PIE_VECT              00000d00   00000200  000001c0  00000040  RWIX
  DMA                   00001000   00000200  000000e0  00000120  RWIX
  CLA1                  00001400   00000040  0000003e  00000002  RWIX
  EPWM1                 00004000   00000100  00000100  00000000  RWIX
  EPWM2                 00004100   00000100  00000100  00000000  RWIX
  EPWM3                 00004200   00000100  00000100  00000000  RWIX
  EPWM4                 00004300   00000100  00000100  00000000  RWIX
  EPWM5                 00004400   00000100  00000100  00000000  RWIX
  EPWM6                 00004500   00000100  00000100  00000000  RWIX
  EPWM7                 00004600   00000100  00000100  00000000  RWIX
  EPWM8                 00004700   00000100  00000100  00000000  RWIX
  EPWM9                 00004800   00000100  00000100  00000000  RWIX
  EPWM10                00004900   00000100  00000100  00000000  RWIX
  EPWM11                00004a00   00000100  00000100  00000000  RWIX
  EPWM12                00004b00   00000100  00000100  00000000  RWIX
  ECAP1                 00005000   00000020  00000020  00000000  RWIX
  ECAP2                 00005020   00000020  00000020  00000000  RWIX
  ECAP3                 00005040   00000020  00000020  00000000  RWIX
  ECAP4                 00005060   00000020  00000020  00000000  RWIX
  ECAP5                 00005080   00000020  00000020  00000000  RWIX
  ECAP6                 000050a0   00000020  00000020  00000000  RWIX
  EQEP1                 00005100   00000040  00000022  0000001e  RWIX
  EQEP2                 00005140   00000040  00000022  0000001e  RWIX
  EQEP3                 00005180   00000040  00000022  0000001e  RWIX
  DACA                  00005c00   00000010  00000008  00000008  RWIX
  DACB                  00005c10   00000010  00000008  00000008  RWIX
  DACC                  00005c20   00000010  00000008  00000008  RWIX
  CMPSS1                00005c80   00000020  00000020  00000000  RWIX
  CMPSS2                00005ca0   00000020  00000020  00000000  RWIX
  CMPSS3                00005cc0   00000020  00000020  00000000  RWIX
  CMPSS4                00005ce0   00000020  00000020  00000000  RWIX
  CMPSS5                00005d00   00000020  00000020  00000000  RWIX
  CMPSS6                00005d20   00000020  00000020  00000000  RWIX
  CMPSS7                00005d40   00000020  00000020  00000000  RWIX
  CMPSS8                00005d60   00000020  00000020  00000000  RWIX
  SDFM1                 00005e00   00000080  00000080  00000000  RWIX
  SDFM2                 00005e80   00000080  00000080  00000000  RWIX
  MCBSPA                00006000   00000040  00000024  0000001c  RWIX
  MCBSPB                00006040   00000040  00000024  0000001c  RWIX
  SPIA                  00006100   00000010  00000010  00000000  RWIX
  SPIB                  00006110   00000010  00000010  00000000  RWIX
  SPIC                  00006120   00000010  00000010  00000000  RWIX
  SPID                  00006130   00000010  00000000  00000010  RWIX
  UPP                   00006200   00000100  00000048  000000b8  RWIX
  WD                    00007000   00000040  0000002b  00000015  RWIX
  NMIINTRUPT            00007060   00000010  00000007  00000009  RWIX
  XINT                  00007070   00000010  0000000b  00000005  RWIX
  SCIA                  00007200   00000010  00000010  00000000  RWIX
  SCIB                  00007210   00000010  00000010  00000000  RWIX
  SCIC                  00007220   00000010  00000010  00000000  RWIX
  SCID                  00007230   00000010  00000010  00000000  RWIX
  I2CA                  00007300   00000040  00000022  0000001e  RWIX
  I2CB                  00007340   00000040  00000022  0000001e  RWIX
  ADCA                  00007400   00000080  00000080  00000000  RWIX
  ADCB                  00007480   00000080  00000080  00000000  RWIX
  ADCC                  00007500   00000080  00000080  00000000  RWIX
  ADCD                  00007580   00000080  00000080  00000000  RWIX
  INPUT_XBAR            00007900   00000020  00000020  00000000  RWIX
  XBAR                  00007920   00000020  00000020  00000000  RWIX
  SYNC_SOC              00007940   00000010  00000006  0000000a  RWIX
  DMACLASRCSEL          00007980   00000040  0000001a  00000026  RWIX
  EPWM_XBAR             00007a00   00000040  00000040  00000000  RWIX
  CLB_XBAR              00007a40   00000040  00000000  00000040  RWIX
  OUTPUT_XBAR           00007a80   00000040  00000040  00000000  RWIX
  GPIOCTRL              00007c00   00000180  00000180  00000000  RWIX
  GPIODAT               00007f00   00000030  00000030  00000000  RWIX
  D_GS613               00012000   00008000  00000ade  00007522  RWIX
  D_GS14                0001a000   00001000  00000102  00000efe  RWIX
  D_GS15                0001b000   00001000  00000102  00000efe  RWIX
  CPU2TOCPU1RAM         0003f800   00000400  00000000  00000400  RWIX
  CPU1TOCPU2RAM         0003fc00   00000400  00000000  00000400  RWIX
  EMIF1                 00047000   00000800  00000070  00000790  RWIX
  EMIF2                 00047800   00000800  00000070  00000790  RWIX
  CANA                  00048000   00000800  00000000  00000800  RWIX
  CANB                  0004a000   00000800  00000000  00000800  RWIX
  IPC                   00050000   00000024  00000024  00000000  RWIX
  FLASHPUMPSEMAPHORE    00050024   00000002  00000002  00000000  RWIX
  DEV_CFG               0005d000   00000180  0000012e  00000052  RWIX
  ANALOG_SUBSYS         0005d180   00000080  00000048  00000038  RWIX
  CLK_CFG               0005d200   00000100  00000032  000000ce  RWIX
  CPU_SYS               0005d300   00000100  00000082  0000007e  RWIX
  ROMPREFETCH           0005e608   00000002  00000002  00000000  RWIX
  DCSM_Z1               0005f000   00000030  00000024  0000000c  RWIX
  DCSM_Z2               0005f040   00000030  00000024  0000000c  RWIX
  DCSM_COMMON           0005f070   00000010  00000008  00000008  RWIX
  MEMCFG                0005f400   00000080  00000080  00000000  RWIX
  EMIF1CONFIG           0005f480   00000020  00000020  00000000  RWIX
  EMIF2CONFIG           0005f4a0   00000020  00000020  00000000  RWIX
  ACCESSPROTECTION      0005f4c0   00000040  00000040  00000000  RWIX
  MEMORYERROR           0005f500   00000040  00000040  00000000  RWIX
  ROMWAITSTATE          0005f540   00000002  00000002  00000000  RWIX
  FLASH0_CTRL           0005f800   00000300  00000182  0000017e  RWIX
  FLASH0_ECC            0005fb00   00000040  00000028  00000018  RWIX
  DCSM_Z1_OTP           00078000   00000020  00000020  00000000  RWIX
  DCSM_Z2_OTP           00078200   00000020  00000020  00000000  RWIX


SECTION ALLOCATION MAP

 output                                  attributes/
section   page    origin      length       input sections
--------  ----  ----------  ----------   ----------------
codestart 
*          0    00000000    00000002     
                  00000000    00000002     F2837xD_CodeStartBranch.obj (codestart)

.text      0    00008000    00000a2e     
                  00008000    000000e4     main.obj (.text:_main)
                  000080e4    000000c6     F2837xD_SysCtrl.obj (.text:_InitSysPll)
                  000081aa    00000084     F2837xD_SysCtrl.obj (.text:_InitPeripheralClocks)
                  0000822e    00000056     rts2800_fpu32.lib : boot.obj (.text)
                  00008284    00000046                       : cpy_tbl.obj (.text)
                  000082ca    00000040     F2837xD_SysCtrl.obj (.text:_InitSysCtrl)
                  0000830a    00000037     FIR_f32.obj (.text)
                  00008341    00000029     rts2800_fpu32.lib : exit.obj (.text)
                  0000836a    00000026     F2837xD_PieVect.obj (.text:_InitPieVectTable)
                  00008390    00000025     F2837xD_Gpio.obj (.text:_GPIO_EnableUnbondedIOPullupsFor100Pin)
                  000083b5    0000001f     F2837xD_PieCtrl.obj (.text:_InitPieCtrl)
                  000083d4    0000001e     rts2800_fpu32.lib : memcpy.obj (.text)
                  000083f2    0000001a                       : cpy_utils.obj (.text)
                  0000840c    00000019     F2837xD_Gpio.obj (.text:_GPIO_EnableUnbondedIOPullupsFor176Pin)
                  00008425    00000019     rts2800_fpu32.lib : args_main.obj (.text)
                  0000843e    00000018                       : ll_aox.obj (.text)
                  00008456    00000016     F2837xD_Gpio.obj (.text:_GPIO_EnableUnbondedIOPullups)
                  0000846c    0000000e     F2837xD_SysCtrl.obj (.text:_DisableDog)
                  0000847a    0000000d     F2837xD_DefaultISR.obj (.text:_EMPTY_ISR)
                  00008487    0000000c     F2837xD_SysCtrl.obj (.text:_SysXtalOscSel)
                  00008493    0000000a     F2837xD_DefaultISR.obj (.text:_ADCA1_ISR)
                  0000849d    0000000a     F2837xD_DefaultISR.obj (.text:_ADCA2_ISR)
                  000084a7    0000000a     F2837xD_DefaultISR.obj (.text:_ADCA3_ISR)
                  000084b1    0000000a     F2837xD_DefaultISR.obj (.text:_ADCA4_ISR)
                  000084bb    0000000a     F2837xD_DefaultISR.obj (.text:_ADCA_EVT_ISR)
                  000084c5    0000000a     F2837xD_DefaultISR.obj (.text:_ADCB1_ISR)
                  000084cf    0000000a     F2837xD_DefaultISR.obj (.text:_ADCB2_ISR)
                  000084d9    0000000a     F2837xD_DefaultISR.obj (.text:_ADCB3_ISR)
                  000084e3    0000000a     F2837xD_DefaultISR.obj (.text:_ADCB4_ISR)
                  000084ed    0000000a     F2837xD_DefaultISR.obj (.text:_ADCB_EVT_ISR)
                  000084f7    0000000a     F2837xD_DefaultISR.obj (.text:_ADCC1_ISR)
                  00008501    0000000a     F2837xD_DefaultISR.obj (.text:_ADCC2_ISR)
                  0000850b    0000000a     F2837xD_DefaultISR.obj (.text:_ADCC3_ISR)
                  00008515    0000000a     F2837xD_DefaultISR.obj (.text:_ADCC4_ISR)
                  0000851f    0000000a     F2837xD_DefaultISR.obj (.text:_ADCC_EVT_ISR)
                  00008529    0000000a     F2837xD_DefaultISR.obj (.text:_ADCD1_ISR)
                  00008533    0000000a     F2837xD_DefaultISR.obj (.text:_ADCD2_ISR)
                  0000853d    0000000a     F2837xD_DefaultISR.obj (.text:_ADCD3_ISR)
                  00008547    0000000a     F2837xD_DefaultISR.obj (.text:_ADCD4_ISR)
                  00008551    0000000a     F2837xD_DefaultISR.obj (.text:_ADCD_EVT_ISR)
                  0000855b    0000000a     F2837xD_DefaultISR.obj (.text:_AUX_PLL_SLIP_ISR)
                  00008565    0000000a     F2837xD_DefaultISR.obj (.text:_CANA0_ISR)
                  0000856f    0000000a     F2837xD_DefaultISR.obj (.text:_CANA1_ISR)
                  00008579    0000000a     F2837xD_DefaultISR.obj (.text:_CANB0_ISR)
                  00008583    0000000a     F2837xD_DefaultISR.obj (.text:_CANB1_ISR)
                  0000858d    0000000a     F2837xD_DefaultISR.obj (.text:_CLA1_1_ISR)
                  00008597    0000000a     F2837xD_DefaultISR.obj (.text:_CLA1_2_ISR)
                  000085a1    0000000a     F2837xD_DefaultISR.obj (.text:_CLA1_3_ISR)
                  000085ab    0000000a     F2837xD_DefaultISR.obj (.text:_CLA1_4_ISR)
                  000085b5    0000000a     F2837xD_DefaultISR.obj (.text:_CLA1_5_ISR)
                  000085bf    0000000a     F2837xD_DefaultISR.obj (.text:_CLA1_6_ISR)
                  000085c9    0000000a     F2837xD_DefaultISR.obj (.text:_CLA1_7_ISR)
                  000085d3    0000000a     F2837xD_DefaultISR.obj (.text:_CLA1_8_ISR)
                  000085dd    0000000a     F2837xD_DefaultISR.obj (.text:_CLA_OVERFLOW_ISR)
                  000085e7    0000000a     F2837xD_DefaultISR.obj (.text:_CLA_UNDERFLOW_ISR)
                  000085f1    0000000a     F2837xD_DefaultISR.obj (.text:_DATALOG_ISR)
                  000085fb    0000000a     F2837xD_DefaultISR.obj (.text:_DMA_CH1_ISR)
                  00008605    0000000a     F2837xD_DefaultISR.obj (.text:_DMA_CH2_ISR)
                  0000860f    0000000a     F2837xD_DefaultISR.obj (.text:_DMA_CH3_ISR)
                  00008619    0000000a     F2837xD_DefaultISR.obj (.text:_DMA_CH4_ISR)
                  00008623    0000000a     F2837xD_DefaultISR.obj (.text:_DMA_CH5_ISR)
                  0000862d    0000000a     F2837xD_DefaultISR.obj (.text:_DMA_CH6_ISR)
                  00008637    0000000a     F2837xD_DefaultISR.obj (.text:_ECAP1_ISR)
                  00008641    0000000a     F2837xD_DefaultISR.obj (.text:_ECAP2_ISR)
                  0000864b    0000000a     F2837xD_DefaultISR.obj (.text:_ECAP3_ISR)
                  00008655    0000000a     F2837xD_DefaultISR.obj (.text:_ECAP4_ISR)
                  0000865f    0000000a     F2837xD_DefaultISR.obj (.text:_ECAP5_ISR)
                  00008669    0000000a     F2837xD_DefaultISR.obj (.text:_ECAP6_ISR)
                  00008673    0000000a     F2837xD_DefaultISR.obj (.text:_EMIF_ERROR_ISR)
                  0000867d    0000000a     F2837xD_DefaultISR.obj (.text:_EMU_ISR)
                  00008687    0000000a     F2837xD_DefaultISR.obj (.text:_EPWM10_ISR)
                  00008691    0000000a     F2837xD_DefaultISR.obj (.text:_EPWM10_TZ_ISR)
                  0000869b    0000000a     F2837xD_DefaultISR.obj (.text:_EPWM11_ISR)
                  000086a5    0000000a     F2837xD_DefaultISR.obj (.text:_EPWM11_TZ_ISR)
                  000086af    0000000a     F2837xD_DefaultISR.obj (.text:_EPWM12_ISR)
                  000086b9    0000000a     F2837xD_DefaultISR.obj (.text:_EPWM12_TZ_ISR)
                  000086c3    0000000a     F2837xD_DefaultISR.obj (.text:_EPWM1_ISR)
                  000086cd    0000000a     F2837xD_DefaultISR.obj (.text:_EPWM1_TZ_ISR)
                  000086d7    0000000a     F2837xD_DefaultISR.obj (.text:_EPWM2_ISR)
                  000086e1    0000000a     F2837xD_DefaultISR.obj (.text:_EPWM2_TZ_ISR)
                  000086eb    0000000a     F2837xD_DefaultISR.obj (.text:_EPWM3_ISR)
                  000086f5    0000000a     F2837xD_DefaultISR.obj (.text:_EPWM3_TZ_ISR)
                  000086ff    0000000a     F2837xD_DefaultISR.obj (.text:_EPWM4_ISR)
                  00008709    0000000a     F2837xD_DefaultISR.obj (.text:_EPWM4_TZ_ISR)
                  00008713    0000000a     F2837xD_DefaultISR.obj (.text:_EPWM5_ISR)
                  0000871d    0000000a     F2837xD_DefaultISR.obj (.text:_EPWM5_TZ_ISR)
                  00008727    0000000a     F2837xD_DefaultISR.obj (.text:_EPWM6_ISR)
                  00008731    0000000a     F2837xD_DefaultISR.obj (.text:_EPWM6_TZ_ISR)
                  0000873b    0000000a     F2837xD_DefaultISR.obj (.text:_EPWM7_ISR)
                  00008745    0000000a     F2837xD_DefaultISR.obj (.text:_EPWM7_TZ_ISR)
                  0000874f    0000000a     F2837xD_DefaultISR.obj (.text:_EPWM8_ISR)
                  00008759    0000000a     F2837xD_DefaultISR.obj (.text:_EPWM8_TZ_ISR)
                  00008763    0000000a     F2837xD_DefaultISR.obj (.text:_EPWM9_ISR)
                  0000876d    0000000a     F2837xD_DefaultISR.obj (.text:_EPWM9_TZ_ISR)
                  00008777    0000000a     F2837xD_DefaultISR.obj (.text:_EQEP1_ISR)
                  00008781    0000000a     F2837xD_DefaultISR.obj (.text:_EQEP2_ISR)
                  0000878b    0000000a     F2837xD_DefaultISR.obj (.text:_EQEP3_ISR)
                  00008795    0000000a     F2837xD_DefaultISR.obj (.text:_FLASH_CORRECTABLE_ERROR_ISR)
                  0000879f    0000000a     F2837xD_DefaultISR.obj (.text:_FPU_OVERFLOW_ISR)
                  000087a9    0000000a     F2837xD_DefaultISR.obj (.text:_FPU_UNDERFLOW_ISR)
                  000087b3    0000000a     F2837xD_DefaultISR.obj (.text:_I2CA_FIFO_ISR)
                  000087bd    0000000a     F2837xD_DefaultISR.obj (.text:_I2CA_ISR)
                  000087c7    0000000a     F2837xD_DefaultISR.obj (.text:_I2CB_FIFO_ISR)
                  000087d1    0000000a     F2837xD_DefaultISR.obj (.text:_I2CB_ISR)
                  000087db    0000000a     F2837xD_DefaultISR.obj (.text:_ILLEGAL_ISR)
                  000087e5    0000000a     F2837xD_DefaultISR.obj (.text:_IPC0_ISR)
                  000087ef    0000000a     F2837xD_DefaultISR.obj (.text:_IPC1_ISR)
                  000087f9    0000000a     F2837xD_DefaultISR.obj (.text:_IPC2_ISR)
                  00008803    0000000a     F2837xD_DefaultISR.obj (.text:_IPC3_ISR)
                  0000880d    0000000a     F2837xD_DefaultISR.obj (.text:_MCBSPA_RX_ISR)
                  00008817    0000000a     F2837xD_DefaultISR.obj (.text:_MCBSPA_TX_ISR)
                  00008821    0000000a     F2837xD_DefaultISR.obj (.text:_MCBSPB_RX_ISR)
                  0000882b    0000000a     F2837xD_DefaultISR.obj (.text:_MCBSPB_TX_ISR)
                  00008835    0000000a     F2837xD_DefaultISR.obj (.text:_NMI_ISR)
                  0000883f    0000000a     F2837xD_DefaultISR.obj (.text:_NOTUSED_ISR)
                  00008849    0000000a     F2837xD_DefaultISR.obj (.text:_PIE_RESERVED_ISR)
                  00008853    0000000a     F2837xD_DefaultISR.obj (.text:_RAM_ACCESS_VIOLATION_ISR)
                  0000885d    0000000a     F2837xD_DefaultISR.obj (.text:_RAM_CORRECTABLE_ERROR_ISR)
                  00008867    0000000a     F2837xD_DefaultISR.obj (.text:_RTOS_ISR)
                  00008871    0000000a     F2837xD_DefaultISR.obj (.text:_SCIA_RX_ISR)
                  0000887b    0000000a     F2837xD_DefaultISR.obj (.text:_SCIA_TX_ISR)
                  00008885    0000000a     F2837xD_DefaultISR.obj (.text:_SCIB_RX_ISR)
                  0000888f    0000000a     F2837xD_DefaultISR.obj (.text:_SCIB_TX_ISR)
                  00008899    0000000a     F2837xD_DefaultISR.obj (.text:_SCIC_RX_ISR)
                  000088a3    0000000a     F2837xD_DefaultISR.obj (.text:_SCIC_TX_ISR)
                  000088ad    0000000a     F2837xD_DefaultISR.obj (.text:_SCID_RX_ISR)
                  000088b7    0000000a     F2837xD_DefaultISR.obj (.text:_SCID_TX_ISR)
                  000088c1    0000000a     F2837xD_DefaultISR.obj (.text:_SD1_ISR)
                  000088cb    0000000a     F2837xD_DefaultISR.obj (.text:_SD2_ISR)
                  000088d5    0000000a     F2837xD_DefaultISR.obj (.text:_SPIA_RX_ISR)
                  000088df    0000000a     F2837xD_DefaultISR.obj (.text:_SPIA_TX_ISR)
                  000088e9    0000000a     F2837xD_DefaultISR.obj (.text:_SPIB_RX_ISR)
                  000088f3    0000000a     F2837xD_DefaultISR.obj (.text:_SPIB_TX_ISR)
                  000088fd    0000000a     F2837xD_DefaultISR.obj (.text:_SPIC_RX_ISR)
                  00008907    0000000a     F2837xD_DefaultISR.obj (.text:_SPIC_TX_ISR)
                  00008911    0000000a     F2837xD_DefaultISR.obj (.text:_SYS_PLL_SLIP_ISR)
                  0000891b    0000000a     F2837xD_SysCtrl.obj (.text:_SysIntOsc1Sel)
                  00008925    0000000a     F2837xD_SysCtrl.obj (.text:_SysIntOsc2Sel)
                  0000892f    0000000a     F2837xD_DefaultISR.obj (.text:_TIMER0_ISR)
                  00008939    0000000a     F2837xD_DefaultISR.obj (.text:_TIMER1_ISR)
                  00008943    0000000a     F2837xD_DefaultISR.obj (.text:_TIMER2_ISR)
                  0000894d    0000000a     F2837xD_DefaultISR.obj (.text:_UPPA_ISR)
                  00008957    0000000a     F2837xD_DefaultISR.obj (.text:_USBA_ISR)
                  00008961    0000000a     F2837xD_DefaultISR.obj (.text:_USER10_ISR)
                  0000896b    0000000a     F2837xD_DefaultISR.obj (.text:_USER11_ISR)
                  00008975    0000000a     F2837xD_DefaultISR.obj (.text:_USER12_ISR)
                  0000897f    0000000a     F2837xD_DefaultISR.obj (.text:_USER1_ISR)
                  00008989    0000000a     F2837xD_DefaultISR.obj (.text:_USER2_ISR)
                  00008993    0000000a     F2837xD_DefaultISR.obj (.text:_USER3_ISR)
                  0000899d    0000000a     F2837xD_DefaultISR.obj (.text:_USER4_ISR)
                  000089a7    0000000a     F2837xD_DefaultISR.obj (.text:_USER5_ISR)
                  000089b1    0000000a     F2837xD_DefaultISR.obj (.text:_USER6_ISR)
                  000089bb    0000000a     F2837xD_DefaultISR.obj (.text:_USER7_ISR)
                  000089c5    0000000a     F2837xD_DefaultISR.obj (.text:_USER8_ISR)
                  000089cf    0000000a     F2837xD_DefaultISR.obj (.text:_USER9_ISR)
                  000089d9    0000000a     F2837xD_DefaultISR.obj (.text:_VCU_ISR)
                  000089e3    0000000a     F2837xD_DefaultISR.obj (.text:_WAKE_ISR)
                  000089ed    0000000a     F2837xD_DefaultISR.obj (.text:_XINT1_ISR)
                  000089f7    0000000a     F2837xD_DefaultISR.obj (.text:_XINT2_ISR)
                  00008a01    0000000a     F2837xD_DefaultISR.obj (.text:_XINT3_ISR)
                  00008a0b    0000000a     F2837xD_DefaultISR.obj (.text:_XINT4_ISR)
                  00008a15    0000000a     F2837xD_DefaultISR.obj (.text:_XINT5_ISR)
                  00008a1f    00000009     rts2800_fpu32.lib : _lock.obj (.text)
                  00008a28    00000003     F2837xD_DBGIER.obj (.text)
                  00008a2b    00000002     rts2800_fpu32.lib : pre_init.obj (.text)
                  00008a2d    00000001                       : startup.obj (.text)

.reset     0    00008a2e    00000002     
                  00008a2e    00000002     rts2800_fpu32.lib : boot.obj (.reset)

ramfuncs   0    00008a30    0000002d     
                  00008a30    00000029     F2837xD_SysCtrl.obj (.TI.ramfunc:_InitFlash)
                  00008a59    00000004     F2837xD_usDelay.obj (.TI.ramfunc)

.cinit     0    0000b000    000000f9     
                  0000b000    00000090     F2837xD_struct.obj (.cinit)
                  0000b090    0000004f     main.obj (.cinit)
                  0000b0df    0000000e     rts2800_fpu32.lib : exit.obj (.cinit)
                  0000b0ed    00000005                       : _lock.obj (.cinit:__lock)
                  0000b0f2    00000005                       : _lock.obj (.cinit:__unlock)
                  0000b0f7    00000002     --HOLE-- [fill = 0]

.stack     1    00000400    00000200     UNINITIALIZED
                  00000400    00000200     --HOLE--

AdcaResultFile 
*          1    00000b00    00000018     UNINITIALIZED
                  00000b00    00000018     F2837xD_GlobalVariableDefs.obj (AdcaResultFile)

AdcbResultFile 
*          1    00000b20    00000018     UNINITIALIZED
                  00000b20    00000018     F2837xD_GlobalVariableDefs.obj (AdcbResultFile)

AdccResultFile 
*          1    00000b40    00000018     UNINITIALIZED
                  00000b40    00000018     F2837xD_GlobalVariableDefs.obj (AdccResultFile)

AdcdResultFile 
*          1    00000b60    00000018     UNINITIALIZED
                  00000b60    00000018     F2837xD_GlobalVariableDefs.obj (AdcdResultFile)

CpuTimer0RegsFile 
*          1    00000c00    00000008     UNINITIALIZED
                  00000c00    00000008     F2837xD_GlobalVariableDefs.obj (CpuTimer0RegsFile)

CpuTimer1RegsFile 
*          1    00000c08    00000008     UNINITIALIZED
                  00000c08    00000008     F2837xD_GlobalVariableDefs.obj (CpuTimer1RegsFile)

CpuTimer2RegsFile 
*          1    00000c10    00000008     UNINITIALIZED
                  00000c10    00000008     F2837xD_GlobalVariableDefs.obj (CpuTimer2RegsFile)

PieCtrlRegsFile 
*          1    00000ce0    0000001a     UNINITIALIZED
                  00000ce0    0000001a     F2837xD_GlobalVariableDefs.obj (PieCtrlRegsFile)

PieVectTableFile 
*          1    00000d00    000001c0     UNINITIALIZED
                  00000d00    000001c0     F2837xD_GlobalVariableDefs.obj (PieVectTableFile)

EmuKeyVar 
*          1    00000d00    00000001     UNINITIALIZED
                  00000d00    00000001     F2837xD_GlobalVariableDefs.obj (EmuKeyVar)

EmuBModeVar 
*          1    00000d01    00000001     UNINITIALIZED
                  00000d01    00000001     F2837xD_GlobalVariableDefs.obj (EmuBModeVar)

FlashCallbackVar 
*          1    00000d02    00000000     UNINITIALIZED

FlashScalingVar 
*          1    00000d02    00000000     UNINITIALIZED

DmaRegsFile 
*          1    00001000    000000e0     UNINITIALIZED
                  00001000    000000e0     F2837xD_GlobalVariableDefs.obj (DmaRegsFile)

Cla1RegsFile 
*          1    00001400    0000003e     UNINITIALIZED
                  00001400    0000003e     F2837xD_GlobalVariableDefs.obj (Cla1RegsFile)

EPwm1RegsFile 
*          1    00004000    00000100     UNINITIALIZED
                  00004000    00000100     F2837xD_GlobalVariableDefs.obj (EPwm1RegsFile)

EPwm2RegsFile 
*          1    00004100    00000100     UNINITIALIZED
                  00004100    00000100     F2837xD_GlobalVariableDefs.obj (EPwm2RegsFile)

EPwm3RegsFile 
*          1    00004200    00000100     UNINITIALIZED
                  00004200    00000100     F2837xD_GlobalVariableDefs.obj (EPwm3RegsFile)

EPwm4RegsFile 
*          1    00004300    00000100     UNINITIALIZED
                  00004300    00000100     F2837xD_GlobalVariableDefs.obj (EPwm4RegsFile)

EPwm5RegsFile 
*          1    00004400    00000100     UNINITIALIZED
                  00004400    00000100     F2837xD_GlobalVariableDefs.obj (EPwm5RegsFile)

EPwm6RegsFile 
*          1    00004500    00000100     UNINITIALIZED
                  00004500    00000100     F2837xD_GlobalVariableDefs.obj (EPwm6RegsFile)

EPwm7RegsFile 
*          1    00004600    00000100     UNINITIALIZED
                  00004600    00000100     F2837xD_GlobalVariableDefs.obj (EPwm7RegsFile)

EPwm8RegsFile 
*          1    00004700    00000100     UNINITIALIZED
                  00004700    00000100     F2837xD_GlobalVariableDefs.obj (EPwm8RegsFile)

EPwm9RegsFile 
*          1    00004800    00000100     UNINITIALIZED
                  00004800    00000100     F2837xD_GlobalVariableDefs.obj (EPwm9RegsFile)

EPwm10RegsFile 
*          1    00004900    00000100     UNINITIALIZED
                  00004900    00000100     F2837xD_GlobalVariableDefs.obj (EPwm10RegsFile)

EPwm11RegsFile 
*          1    00004a00    00000100     UNINITIALIZED
                  00004a00    00000100     F2837xD_GlobalVariableDefs.obj (EPwm11RegsFile)

EPwm12RegsFile 
*          1    00004b00    00000100     UNINITIALIZED
                  00004b00    00000100     F2837xD_GlobalVariableDefs.obj (EPwm12RegsFile)

ECap1RegsFile 
*          1    00005000    00000020     UNINITIALIZED
                  00005000    00000020     F2837xD_GlobalVariableDefs.obj (ECap1RegsFile)

ECap2RegsFile 
*          1    00005020    00000020     UNINITIALIZED
                  00005020    00000020     F2837xD_GlobalVariableDefs.obj (ECap2RegsFile)

ECap3RegsFile 
*          1    00005040    00000020     UNINITIALIZED
                  00005040    00000020     F2837xD_GlobalVariableDefs.obj (ECap3RegsFile)

ECap4RegsFile 
*          1    00005060    00000020     UNINITIALIZED
                  00005060    00000020     F2837xD_GlobalVariableDefs.obj (ECap4RegsFile)

ECap5RegsFile 
*          1    00005080    00000020     UNINITIALIZED
                  00005080    00000020     F2837xD_GlobalVariableDefs.obj (ECap5RegsFile)

ECap6RegsFile 
*          1    000050a0    00000020     UNINITIALIZED
                  000050a0    00000020     F2837xD_GlobalVariableDefs.obj (ECap6RegsFile)

EQep1RegsFile 
*          1    00005100    00000022     UNINITIALIZED
                  00005100    00000022     F2837xD_GlobalVariableDefs.obj (EQep1RegsFile)

EQep2RegsFile 
*          1    00005140    00000022     UNINITIALIZED
                  00005140    00000022     F2837xD_GlobalVariableDefs.obj (EQep2RegsFile)

EQep3RegsFile 
*          1    00005180    00000022     UNINITIALIZED
                  00005180    00000022     F2837xD_GlobalVariableDefs.obj (EQep3RegsFile)

DacaRegsFile 
*          1    00005c00    00000008     UNINITIALIZED
                  00005c00    00000008     F2837xD_GlobalVariableDefs.obj (DacaRegsFile)

DacbRegsFile 
*          1    00005c10    00000008     UNINITIALIZED
                  00005c10    00000008     F2837xD_GlobalVariableDefs.obj (DacbRegsFile)

DaccRegsFile 
*          1    00005c20    00000008     UNINITIALIZED
                  00005c20    00000008     F2837xD_GlobalVariableDefs.obj (DaccRegsFile)

Cmpss1RegsFile 
*          1    00005c80    00000020     UNINITIALIZED
                  00005c80    00000020     F2837xD_GlobalVariableDefs.obj (Cmpss1RegsFile)

Cmpss2RegsFile 
*          1    00005ca0    00000020     UNINITIALIZED
                  00005ca0    00000020     F2837xD_GlobalVariableDefs.obj (Cmpss2RegsFile)

Cmpss3RegsFile 
*          1    00005cc0    00000020     UNINITIALIZED
                  00005cc0    00000020     F2837xD_GlobalVariableDefs.obj (Cmpss3RegsFile)

Cmpss4RegsFile 
*          1    00005ce0    00000020     UNINITIALIZED
                  00005ce0    00000020     F2837xD_GlobalVariableDefs.obj (Cmpss4RegsFile)

Cmpss5RegsFile 
*          1    00005d00    00000020     UNINITIALIZED
                  00005d00    00000020     F2837xD_GlobalVariableDefs.obj (Cmpss5RegsFile)

Cmpss6RegsFile 
*          1    00005d20    00000020     UNINITIALIZED
                  00005d20    00000020     F2837xD_GlobalVariableDefs.obj (Cmpss6RegsFile)

Cmpss7RegsFile 
*          1    00005d40    00000020     UNINITIALIZED
                  00005d40    00000020     F2837xD_GlobalVariableDefs.obj (Cmpss7RegsFile)

Cmpss8RegsFile 
*          1    00005d60    00000020     UNINITIALIZED
                  00005d60    00000020     F2837xD_GlobalVariableDefs.obj (Cmpss8RegsFile)

Sdfm1RegsFile 
*          1    00005e00    00000080     UNINITIALIZED
                  00005e00    00000080     F2837xD_GlobalVariableDefs.obj (Sdfm1RegsFile)

Sdfm2RegsFile 
*          1    00005e80    00000080     UNINITIALIZED
                  00005e80    00000080     F2837xD_GlobalVariableDefs.obj (Sdfm2RegsFile)

McbspaRegsFile 
*          1    00006000    00000024     UNINITIALIZED
                  00006000    00000024     F2837xD_GlobalVariableDefs.obj (McbspaRegsFile)

McbspbRegsFile 
*          1    00006040    00000024     UNINITIALIZED
                  00006040    00000024     F2837xD_GlobalVariableDefs.obj (McbspbRegsFile)

SpiaRegsFile 
*          1    00006100    00000010     UNINITIALIZED
                  00006100    00000010     F2837xD_GlobalVariableDefs.obj (SpiaRegsFile)

SpibRegsFile 
*          1    00006110    00000010     UNINITIALIZED
                  00006110    00000010     F2837xD_GlobalVariableDefs.obj (SpibRegsFile)

SpicRegsFile 
*          1    00006120    00000010     UNINITIALIZED
                  00006120    00000010     F2837xD_GlobalVariableDefs.obj (SpicRegsFile)

UppRegsFile 
*          1    00006200    00000048     UNINITIALIZED
                  00006200    00000048     F2837xD_GlobalVariableDefs.obj (UppRegsFile)

NmiIntruptRegsFile 
*          1    00007060    00000007     UNINITIALIZED
                  00007060    00000007     F2837xD_GlobalVariableDefs.obj (NmiIntruptRegsFile)

SciaRegsFile 
*          1    00007200    00000010     UNINITIALIZED
                  00007200    00000010     F2837xD_GlobalVariableDefs.obj (SciaRegsFile)

ScibRegsFile 
*          1    00007210    00000010     UNINITIALIZED
                  00007210    00000010     F2837xD_GlobalVariableDefs.obj (ScibRegsFile)

ScicRegsFile 
*          1    00007220    00000010     UNINITIALIZED
                  00007220    00000010     F2837xD_GlobalVariableDefs.obj (ScicRegsFile)

ScidRegsFile 
*          1    00007230    00000010     UNINITIALIZED
                  00007230    00000010     F2837xD_GlobalVariableDefs.obj (ScidRegsFile)

I2caRegsFile 
*          1    00007300    00000022     UNINITIALIZED
                  00007300    00000022     F2837xD_GlobalVariableDefs.obj (I2caRegsFile)

I2cbRegsFile 
*          1    00007340    00000022     UNINITIALIZED
                  00007340    00000022     F2837xD_GlobalVariableDefs.obj (I2cbRegsFile)

AdcaRegsFile 
*          1    00007400    00000080     UNINITIALIZED
                  00007400    00000080     F2837xD_GlobalVariableDefs.obj (AdcaRegsFile)

AdcbRegsFile 
*          1    00007480    00000080     UNINITIALIZED
                  00007480    00000080     F2837xD_GlobalVariableDefs.obj (AdcbRegsFile)

AdccRegsFile 
*          1    00007500    00000080     UNINITIALIZED
                  00007500    00000080     F2837xD_GlobalVariableDefs.obj (AdccRegsFile)

AdcdRegsFile 
*          1    00007580    00000080     UNINITIALIZED
                  00007580    00000080     F2837xD_GlobalVariableDefs.obj (AdcdRegsFile)

InputXbarRegsFile 
*          1    00007900    00000020     UNINITIALIZED
                  00007900    00000020     F2837xD_GlobalVariableDefs.obj (InputXbarRegsFile)

XbarRegsFile 
*          1    00007920    00000020     UNINITIALIZED
                  00007920    00000020     F2837xD_GlobalVariableDefs.obj (XbarRegsFile)

DmaClaSrcSelRegsFile 
*          1    00007980    0000001a     UNINITIALIZED
                  00007980    0000001a     F2837xD_GlobalVariableDefs.obj (DmaClaSrcSelRegsFile)

EPwmXbarRegsFile 
*          1    00007a00    00000040     UNINITIALIZED
                  00007a00    00000040     F2837xD_GlobalVariableDefs.obj (EPwmXbarRegsFile)

OutputXbarRegsFile 
*          1    00007a80    00000040     UNINITIALIZED
                  00007a80    00000040     F2837xD_GlobalVariableDefs.obj (OutputXbarRegsFile)

GpioCtrlRegsFile 
*          1    00007c00    00000180     UNINITIALIZED
                  00007c00    00000180     F2837xD_GlobalVariableDefs.obj (GpioCtrlRegsFile)

GpioDataRegsFile 
*          1    00007f00    00000030     UNINITIALIZED
                  00007f00    00000030     F2837xD_GlobalVariableDefs.obj (GpioDataRegsFile)

.bss       1    00012000    00000000     UNINITIALIZED

firfilt    1    00012898    0000000e     UNINITIALIZED
                  00012898    0000000e     main.obj (firfilt)

firldb     1    0001a000    00000102     UNINITIALIZED
                  0001a000    00000102     main.obj (firldb)

coefffilt 
*          1    0001b000    00000102     
                  0001b000    00000102     main.obj (coefffilt)

.pinit     0    00008000    00000000     UNINITIALIZED

.reset     0    00080000    00000000     DSECT

AnalogSubsysRegsFile 
*          1    0005d180    00000048     UNINITIALIZED
                  0005d180    00000048     F2837xD_GlobalVariableDefs.obj (AnalogSubsysRegsFile)

Cla1SoftIntRegsFile 
*          1    00000ce0    00000004     DSECT
                  00000ce0    00000004     F2837xD_GlobalVariableDefs.obj (Cla1SoftIntRegsFile)

WdRegsFile 
*          1    00007000    0000002b     UNINITIALIZED
                  00007000    0000002b     F2837xD_GlobalVariableDefs.obj (WdRegsFile)

XintRegsFile 
*          1    00007070    0000000b     UNINITIALIZED
                  00007070    0000000b     F2837xD_GlobalVariableDefs.obj (XintRegsFile)

SyncSocRegsFile 
*          1    00007940    00000006     UNINITIALIZED
                  00007940    00000006     F2837xD_GlobalVariableDefs.obj (SyncSocRegsFile)

.ebss.1    1    00012000    00000898     UNINITIALIZED
                  00012000    00000888     main.obj (.ebss)
                  00012888    00000006     F2837xD_TempSensorConv.obj (.ebss)
                  0001288e    00000006     rts2800_fpu32.lib : exit.obj (.ebss)
                  00012894    00000002                       : _lock.obj (.ebss:__lock)
                  00012896    00000002                       : _lock.obj (.ebss:__unlock)

.ebss.2    1    000128c0    00000078     UNINITIALIZED
                  000128c0    00000078     F2837xD_struct.obj (.ebss)

.econst    1    00012938    000001c0     
                  00012938    000001c0     F2837xD_PieVect.obj (.econst:_PieVectTableInit)

Emif1RegsFile 
*          1    00047000    00000070     UNINITIALIZED
                  00047000    00000070     F2837xD_GlobalVariableDefs.obj (Emif1RegsFile)

Emif2RegsFile 
*          1    00047800    00000070     UNINITIALIZED
                  00047800    00000070     F2837xD_GlobalVariableDefs.obj (Emif2RegsFile)

IpcRegsFile 
*          1    00050000    00000024     UNINITIALIZED
                  00050000    00000024     F2837xD_GlobalVariableDefs.obj (IpcRegsFile)

FlashPumpSemaphoreRegsFile 
*          1    00050024    00000002     UNINITIALIZED
                  00050024    00000002     F2837xD_GlobalVariableDefs.obj (FlashPumpSemaphoreRegsFile)

DevCfgRegsFile 
*          1    0005d000    0000012e     UNINITIALIZED
                  0005d000    0000012e     F2837xD_GlobalVariableDefs.obj (DevCfgRegsFile)

ClkCfgRegsFile 
*          1    0005d200    00000032     UNINITIALIZED
                  0005d200    00000032     F2837xD_GlobalVariableDefs.obj (ClkCfgRegsFile)

CpuSysRegsFile 
*          1    0005d300    00000082     UNINITIALIZED
                  0005d300    00000082     F2837xD_GlobalVariableDefs.obj (CpuSysRegsFile)

RomPrefetchRegsFile 
*          1    0005e608    00000002     UNINITIALIZED
                  0005e608    00000002     F2837xD_GlobalVariableDefs.obj (RomPrefetchRegsFile)

DcsmZ1RegsFile 
*          1    0005f000    00000024     UNINITIALIZED
                  0005f000    00000024     F2837xD_GlobalVariableDefs.obj (DcsmZ1RegsFile)

DcsmZ2RegsFile 
*          1    0005f040    00000024     UNINITIALIZED
                  0005f040    00000024     F2837xD_GlobalVariableDefs.obj (DcsmZ2RegsFile)

DcsmCommonRegsFile 
*          1    0005f070    00000008     UNINITIALIZED
                  0005f070    00000008     F2837xD_GlobalVariableDefs.obj (DcsmCommonRegsFile)

MemCfgRegsFile 
*          1    0005f400    00000080     UNINITIALIZED
                  0005f400    00000080     F2837xD_GlobalVariableDefs.obj (MemCfgRegsFile)

Emif1ConfigRegsFile 
*          1    0005f480    00000020     UNINITIALIZED
                  0005f480    00000020     F2837xD_GlobalVariableDefs.obj (Emif1ConfigRegsFile)

Emif2ConfigRegsFile 
*          1    0005f4a0    00000020     UNINITIALIZED
                  0005f4a0    00000020     F2837xD_GlobalVariableDefs.obj (Emif2ConfigRegsFile)

AccessProtectionRegsFile 
*          1    0005f4c0    00000040     UNINITIALIZED
                  0005f4c0    00000040     F2837xD_GlobalVariableDefs.obj (AccessProtectionRegsFile)

MemoryErrorRegsFile 
*          1    0005f500    00000040     UNINITIALIZED
                  0005f500    00000040     F2837xD_GlobalVariableDefs.obj (MemoryErrorRegsFile)

RomWaitStateRegsFile 
*          1    0005f540    00000002     UNINITIALIZED
                  0005f540    00000002     F2837xD_GlobalVariableDefs.obj (RomWaitStateRegsFile)

Flash0CtrlRegsFile 
*          1    0005f800    00000182     UNINITIALIZED
                  0005f800    00000182     F2837xD_GlobalVariableDefs.obj (Flash0CtrlRegsFile)

Flash0EccRegsFile 
*          1    0005fb00    00000028     UNINITIALIZED
                  0005fb00    00000028     F2837xD_GlobalVariableDefs.obj (Flash0EccRegsFile)

DcsmZ1OtpFile 
*          1    00078000    00000020     NOLOAD SECTION
                  00078000    00000020     F2837xD_GlobalVariableDefs.obj (DcsmZ1OtpFile)

DcsmZ2OtpFile 
*          1    00078200    00000020     NOLOAD SECTION
                  00078200    00000020     F2837xD_GlobalVariableDefs.obj (DcsmZ2OtpFile)

MODULE SUMMARY

       Module                           code   ro data   rw data
       ------                           ----   -------   -------
    .\source\
       main.obj                         228    0         2793   
       FIR_f32.obj                      55     0         0      
    +--+--------------------------------+------+---------+---------+
       Total:                           283    0         2793   
                                                                
    .\source\device\
       F2837xD_GlobalVariableDefs.obj   0      0         8047   
       F2837xD_DefaultISR.obj           1413   0         0      
       F2837xD_PieVect.obj              38     0         448    
       F2837xD_SysCtrl.obj              481    0         0      
       F2837xD_struct.obj               0      0         264    
       F2837xD_Gpio.obj                 84     0         0      
       F2837xD_PieCtrl.obj              31     0         0      
       F2837xD_TempSensorConv.obj       0      0         6      
       F2837xD_usDelay.obj              4      0         0      
       F2837xD_DBGIER.obj               3      0         0      
       F2837xD_CodeStartBranch.obj      2      0         0      
    +--+--------------------------------+------+---------+---------+
       Total:                           2056   0         8765   
                                                                
    ../lib/rts2800_fpu32.lib
       boot.obj                         86     0         2      
       cpy_tbl.obj                      70     0         0      
       exit.obj                         41     0         20     
       memcpy.obj                       30     0         0      
       cpy_utils.obj                    26     0         0      
       args_main.obj                    25     0         0      
       ll_aox.obj                       24     0         0      
       _lock.obj                        9      0         14     
       pre_init.obj                     2      0         0      
       startup.obj                      1      0         0      
    +--+--------------------------------+------+---------+---------+
       Total:                           314    0         36     
                                                                
       Stack:                           0      0         512    
    +--+--------------------------------+------+---------+---------+
       Grand Total:                     2653   0         12106  


GLOBAL DATA SYMBOLS: SORTED BY DATA PAGE

address     data page           name
--------    ----------------    ----
00000400      10 (00000400)     __stack

00000b00      2c (00000b00)     _AdcaResultRegs
00000b20      2c (00000b00)     _AdcbResultRegs

00000b40      2d (00000b40)     _AdccResultRegs
00000b60      2d (00000b40)     _AdcdResultRegs

00000c00      30 (00000c00)     _CpuTimer0Regs
00000c08      30 (00000c00)     _CpuTimer1Regs
00000c10      30 (00000c00)     _CpuTimer2Regs

00000ce0      33 (00000cc0)     _Cla1SoftIntRegs
00000ce0      33 (00000cc0)     _PieCtrlRegs

00000d00      34 (00000d00)     _EmuKey
00000d00      34 (00000d00)     _PieVectTable
00000d01      34 (00000d00)     _EmuBMode

00001000      40 (00001000)     _DmaRegs

00001400      50 (00001400)     _Cla1Regs

00004000     100 (00004000)     _EPwm1Regs

00004100     104 (00004100)     _EPwm2Regs

00004200     108 (00004200)     _EPwm3Regs

00004300     10c (00004300)     _EPwm4Regs

00004400     110 (00004400)     _EPwm5Regs

00004500     114 (00004500)     _EPwm6Regs

00004600     118 (00004600)     _EPwm7Regs

00004700     11c (00004700)     _EPwm8Regs

00004800     120 (00004800)     _EPwm9Regs

00004900     124 (00004900)     _EPwm10Regs

00004a00     128 (00004a00)     _EPwm11Regs

00004b00     12c (00004b00)     _EPwm12Regs

00005000     140 (00005000)     _ECap1Regs
00005020     140 (00005000)     _ECap2Regs

00005040     141 (00005040)     _ECap3Regs
00005060     141 (00005040)     _ECap4Regs

00005080     142 (00005080)     _ECap5Regs
000050a0     142 (00005080)     _ECap6Regs

00005100     144 (00005100)     _EQep1Regs

00005140     145 (00005140)     _EQep2Regs

00005180     146 (00005180)     _EQep3Regs

00005c00     170 (00005c00)     _DacaRegs
00005c10     170 (00005c00)     _DacbRegs
00005c20     170 (00005c00)     _DaccRegs

00005c80     172 (00005c80)     _Cmpss1Regs
00005ca0     172 (00005c80)     _Cmpss2Regs

00005cc0     173 (00005cc0)     _Cmpss3Regs
00005ce0     173 (00005cc0)     _Cmpss4Regs

00005d00     174 (00005d00)     _Cmpss5Regs
00005d20     174 (00005d00)     _Cmpss6Regs

00005d40     175 (00005d40)     _Cmpss7Regs
00005d60     175 (00005d40)     _Cmpss8Regs

00005e00     178 (00005e00)     _Sdfm1Regs

00005e80     17a (00005e80)     _Sdfm2Regs

00006000     180 (00006000)     _McbspaRegs

00006040     181 (00006040)     _McbspbRegs

00006100     184 (00006100)     _SpiaRegs
00006110     184 (00006100)     _SpibRegs
00006120     184 (00006100)     _SpicRegs

00006200     188 (00006200)     _UppRegs

00007000     1c0 (00007000)     _WdRegs

00007060     1c1 (00007040)     _NmiIntruptRegs
00007070     1c1 (00007040)     _XintRegs

00007200     1c8 (00007200)     _SciaRegs
00007210     1c8 (00007200)     _ScibRegs
00007220     1c8 (00007200)     _ScicRegs
00007230     1c8 (00007200)     _ScidRegs

00007300     1cc (00007300)     _I2caRegs

00007340     1cd (00007340)     _I2cbRegs

00007400     1d0 (00007400)     _AdcaRegs

00007480     1d2 (00007480)     _AdcbRegs

00007500     1d4 (00007500)     _AdccRegs

00007580     1d6 (00007580)     _AdcdRegs

00007900     1e4 (00007900)     _InputXbarRegs
00007920     1e4 (00007900)     _XbarRegs

00007940     1e5 (00007940)     _SyncSocRegs

00007980     1e6 (00007980)     _DmaClaSrcSelRegs

00007a00     1e8 (00007a00)     _EPwmXbarRegs

00007a80     1ea (00007a80)     _OutputXbarRegs

00007c00     1f0 (00007c00)     _GpioCtrlRegs

00007f00     1fc (00007f00)     _GpioDataRegs

00012000     480 (00012000)     _num_of_min_passed
00012001     480 (00012000)     _i
00012002     480 (00012000)     _num_of_s_passed
00012004     480 (00012000)     _temp2
00012006     480 (00012000)     _temp1
00012008     480 (00012000)     _xn
0001200a     480 (00012000)     _temp3
0001200c     480 (00012000)     _yn
0001200e     480 (00012000)     _angle_from_0_to_1
00012010     480 (00012000)     _ref_angle
00012012     480 (00012000)     _TIC_time
00012014     480 (00012000)     _angle_50Hz
00012016     480 (00012000)     _TIC_time_1

00012040     481 (00012040)     _sigIn

00012480     492 (00012480)     _sigOut

00012888     4a2 (00012880)     _tempSensor_tempOffset
0001288a     4a2 (00012880)     _tempSensor_scaleFactor
0001288c     4a2 (00012880)     _tempSensor_tempSlope
0001288e     4a2 (00012880)     ___TI_enable_exit_profile_output
00012890     4a2 (00012880)     ___TI_cleanup_ptr
00012892     4a2 (00012880)     ___TI_dtors_ptr
00012894     4a2 (00012880)     __lock
00012896     4a2 (00012880)     __unlock
00012898     4a2 (00012880)     _firFP

000128c0     4a3 (000128c0)     _SCI
000128c4     4a3 (000128c0)     _MCBSP
000128c8     4a3 (000128c0)     _I2C
000128cc     4a3 (000128c0)     _SDFM
000128d2     4a3 (000128c0)     _EQEP
000128da     4a3 (000128c0)     _SPI
000128e2     4a3 (000128c0)     _ADC
000128ec     4a3 (000128c0)     _ECAP

00012900     4a4 (00012900)     _EPWM
0001291a     4a4 (00012900)     _TRIP_SEL
00012938     4a4 (00012900)     _PieVectTableInit

0001a000     680 (0001a000)     _dbuffer

0001b000     6c0 (0001b000)     _coeff

00047000    11c0 (00047000)     _Emif1Regs

00047800    11e0 (00047800)     _Emif2Regs

00050000    1400 (00050000)     _IpcRegs
00050024    1400 (00050000)     _FlashPumpSemaphoreRegs

0005d000    1740 (0005d000)     _DevCfgRegs

0005d180    1746 (0005d180)     _AnalogSubsysRegs

0005d200    1748 (0005d200)     _ClkCfgRegs

0005d300    174c (0005d300)     _CpuSysRegs

0005e608    1798 (0005e600)     _RomPrefetchRegs

0005f000    17c0 (0005f000)     _DcsmZ1Regs

0005f040    17c1 (0005f040)     _DcsmZ2Regs
0005f070    17c1 (0005f040)     _DcsmCommonRegs

0005f400    17d0 (0005f400)     _MemCfgRegs

0005f480    17d2 (0005f480)     _Emif1ConfigRegs
0005f4a0    17d2 (0005f480)     _Emif2ConfigRegs

0005f4c0    17d3 (0005f4c0)     _AccessProtectionRegs

0005f500    17d4 (0005f500)     _MemoryErrorRegs

0005f540    17d5 (0005f540)     _RomWaitStateRegs

0005f800    17e0 (0005f800)     _Flash0CtrlRegs

0005fb00    17ec (0005fb00)     _Flash0EccRegs

00078000    1e00 (00078000)     _DcsmZ1Otp

00078200    1e08 (00078200)     _DcsmZ2Otp


GLOBAL SYMBOLS: SORTED ALPHABETICALLY BY Name 

page  address   name                                  
----  -------   ----                                  
abs   ffffffff  .bss                                  
abs   ffffffff  .text                                 
0     00008341  C$$EXIT                               
0     0000843e  LL$$AND                               
0     00008446  LL$$OR                                
0     0000844e  LL$$XOR                               
1     000128e2  _ADC                                  
0     00008493  _ADCA1_ISR                            
0     0000849d  _ADCA2_ISR                            
0     000084a7  _ADCA3_ISR                            
0     000084b1  _ADCA4_ISR                            
0     000084bb  _ADCA_EVT_ISR                         
0     000084c5  _ADCB1_ISR                            
0     000084cf  _ADCB2_ISR                            
0     000084d9  _ADCB3_ISR                            
0     000084e3  _ADCB4_ISR                            
0     000084ed  _ADCB_EVT_ISR                         
0     000084f7  _ADCC1_ISR                            
0     00008501  _ADCC2_ISR                            
0     0000850b  _ADCC3_ISR                            
0     00008515  _ADCC4_ISR                            
0     0000851f  _ADCC_EVT_ISR                         
0     00008529  _ADCD1_ISR                            
0     00008533  _ADCD2_ISR                            
0     0000853d  _ADCD3_ISR                            
0     00008547  _ADCD4_ISR                            
0     00008551  _ADCD_EVT_ISR                         
0     0000855b  _AUX_PLL_SLIP_ISR                     
1     0005f4c0  _AccessProtectionRegs                 
1     00007400  _AdcaRegs                             
1     00000b00  _AdcaResultRegs                       
1     00007480  _AdcbRegs                             
1     00000b20  _AdcbResultRegs                       
1     00007500  _AdccRegs                             
1     00000b40  _AdccResultRegs                       
1     00007580  _AdcdRegs                             
1     00000b60  _AdcdResultRegs                       
1     0005d180  _AnalogSubsysRegs                     
0     00008565  _CANA0_ISR                            
0     0000856f  _CANA1_ISR                            
0     00008579  _CANB0_ISR                            
0     00008583  _CANB1_ISR                            
0     0000858d  _CLA1_1_ISR                           
0     00008597  _CLA1_2_ISR                           
0     000085a1  _CLA1_3_ISR                           
0     000085ab  _CLA1_4_ISR                           
0     000085b5  _CLA1_5_ISR                           
0     000085bf  _CLA1_6_ISR                           
0     000085c9  _CLA1_7_ISR                           
0     000085d3  _CLA1_8_ISR                           
0     000085dd  _CLA_OVERFLOW_ISR                     
0     000085e7  _CLA_UNDERFLOW_ISR                    
1     00001400  _Cla1Regs                             
0     00000ce0  _Cla1SoftIntRegs                      
1     0005d200  _ClkCfgRegs                           
1     00005c80  _Cmpss1Regs                           
1     00005ca0  _Cmpss2Regs                           
1     00005cc0  _Cmpss3Regs                           
1     00005ce0  _Cmpss4Regs                           
1     00005d00  _Cmpss5Regs                           
1     00005d20  _Cmpss6Regs                           
1     00005d40  _Cmpss7Regs                           
1     00005d60  _Cmpss8Regs                           
1     0005d300  _CpuSysRegs                           
1     00000c00  _CpuTimer0Regs                        
1     00000c08  _CpuTimer1Regs                        
1     00000c10  _CpuTimer2Regs                        
0     000085f1  _DATALOG_ISR                          
0     000085fb  _DMA_CH1_ISR                          
0     00008605  _DMA_CH2_ISR                          
0     0000860f  _DMA_CH3_ISR                          
0     00008619  _DMA_CH4_ISR                          
0     00008623  _DMA_CH5_ISR                          
0     0000862d  _DMA_CH6_ISR                          
1     00005c00  _DacaRegs                             
1     00005c10  _DacbRegs                             
1     00005c20  _DaccRegs                             
1     0005f070  _DcsmCommonRegs                       
1     00078000  _DcsmZ1Otp                            
1     0005f000  _DcsmZ1Regs                           
1     00078200  _DcsmZ2Otp                            
1     0005f040  _DcsmZ2Regs                           
1     0005d000  _DevCfgRegs                           
0     0000846c  _DisableDog                           
1     00007980  _DmaClaSrcSelRegs                     
1     00001000  _DmaRegs                              
1     000128ec  _ECAP                                 
0     00008637  _ECAP1_ISR                            
0     00008641  _ECAP2_ISR                            
0     0000864b  _ECAP3_ISR                            
0     00008655  _ECAP4_ISR                            
0     0000865f  _ECAP5_ISR                            
0     00008669  _ECAP6_ISR                            
1     00005000  _ECap1Regs                            
1     00005020  _ECap2Regs                            
1     00005040  _ECap3Regs                            
1     00005060  _ECap4Regs                            
1     00005080  _ECap5Regs                            
1     000050a0  _ECap6Regs                            
0     00008673  _EMIF_ERROR_ISR                       
0     0000847a  _EMPTY_ISR                            
0     0000867d  _EMU_ISR                              
1     00012900  _EPWM                                 
0     00008687  _EPWM10_ISR                           
0     00008691  _EPWM10_TZ_ISR                        
0     0000869b  _EPWM11_ISR                           
0     000086a5  _EPWM11_TZ_ISR                        
0     000086af  _EPWM12_ISR                           
0     000086b9  _EPWM12_TZ_ISR                        
0     000086c3  _EPWM1_ISR                            
0     000086cd  _EPWM1_TZ_ISR                         
0     000086d7  _EPWM2_ISR                            
0     000086e1  _EPWM2_TZ_ISR                         
0     000086eb  _EPWM3_ISR                            
0     000086f5  _EPWM3_TZ_ISR                         
0     000086ff  _EPWM4_ISR                            
0     00008709  _EPWM4_TZ_ISR                         
0     00008713  _EPWM5_ISR                            
0     0000871d  _EPWM5_TZ_ISR                         
0     00008727  _EPWM6_ISR                            
0     00008731  _EPWM6_TZ_ISR                         
0     0000873b  _EPWM7_ISR                            
0     00008745  _EPWM7_TZ_ISR                         
0     0000874f  _EPWM8_ISR                            
0     00008759  _EPWM8_TZ_ISR                         
0     00008763  _EPWM9_ISR                            
0     0000876d  _EPWM9_TZ_ISR                         
1     00004900  _EPwm10Regs                           
1     00004a00  _EPwm11Regs                           
1     00004b00  _EPwm12Regs                           
1     00004000  _EPwm1Regs                            
1     00004100  _EPwm2Regs                            
1     00004200  _EPwm3Regs                            
1     00004300  _EPwm4Regs                            
1     00004400  _EPwm5Regs                            
1     00004500  _EPwm6Regs                            
1     00004600  _EPwm7Regs                            
1     00004700  _EPwm8Regs                            
1     00004800  _EPwm9Regs                            
1     00007a00  _EPwmXbarRegs                         
1     000128d2  _EQEP                                 
0     00008777  _EQEP1_ISR                            
0     00008781  _EQEP2_ISR                            
0     0000878b  _EQEP3_ISR                            
1     00005100  _EQep1Regs                            
1     00005140  _EQep2Regs                            
1     00005180  _EQep3Regs                            
1     0005f480  _Emif1ConfigRegs                      
1     00047000  _Emif1Regs                            
1     0005f4a0  _Emif2ConfigRegs                      
1     00047800  _Emif2Regs                            
1     00000d01  _EmuBMode                             
1     00000d00  _EmuKey                               
0     00008a59  _F28x_usDelay                         
0     00008316  _FIR_FP_calc                          
0     0000830a  _FIR_FP_init                          
0     00008795  _FLASH_CORRECTABLE_ERROR_ISR          
0     0000879f  _FPU_OVERFLOW_ISR                     
0     000087a9  _FPU_UNDERFLOW_ISR                    
1     0005f800  _Flash0CtrlRegs                       
1     0005fb00  _Flash0EccRegs                        
1     00050024  _FlashPumpSemaphoreRegs               
0     00008456  _GPIO_EnableUnbondedIOPullups         
0     00008390  _GPIO_EnableUnbondedIOPullupsFor100Pin
0     0000840c  _GPIO_EnableUnbondedIOPullupsFor176Pin
1     00007c00  _GpioCtrlRegs                         
1     00007f00  _GpioDataRegs                         
1     000128c8  _I2C                                  
0     000087b3  _I2CA_FIFO_ISR                        
0     000087bd  _I2CA_ISR                             
0     000087c7  _I2CB_FIFO_ISR                        
0     000087d1  _I2CB_ISR                             
1     00007300  _I2caRegs                             
1     00007340  _I2cbRegs                             
0     000087db  _ILLEGAL_ISR                          
0     000087e5  _IPC0_ISR                             
0     000087ef  _IPC1_ISR                             
0     000087f9  _IPC2_ISR                             
0     00008803  _IPC3_ISR                             
0     00008a30  _InitFlash                            
0     000081aa  _InitPeripheralClocks                 
0     000083b5  _InitPieCtrl                          
0     0000836a  _InitPieVectTable                     
0     000082ca  _InitSysCtrl                          
0     000080e4  _InitSysPll                           
1     00007900  _InputXbarRegs                        
1     00050000  _IpcRegs                              
1     000128c4  _MCBSP                                
0     0000880d  _MCBSPA_RX_ISR                        
0     00008817  _MCBSPA_TX_ISR                        
0     00008821  _MCBSPB_RX_ISR                        
0     0000882b  _MCBSPB_TX_ISR                        
1     00006000  _McbspaRegs                           
1     00006040  _McbspbRegs                           
1     0005f400  _MemCfgRegs                           
1     0005f500  _MemoryErrorRegs                      
0     00008835  _NMI_ISR                              
0     0000883f  _NOTUSED_ISR                          
1     00007060  _NmiIntruptRegs                       
1     00007a80  _OutputXbarRegs                       
0     00008849  _PIE_RESERVED_ISR                     
1     00000ce0  _PieCtrlRegs                          
1     00000d00  _PieVectTable                         
1     00012938  _PieVectTableInit                     
0     00008853  _RAM_ACCESS_VIOLATION_ISR             
0     0000885d  _RAM_CORRECTABLE_ERROR_ISR            
0     00008867  _RTOS_ISR                             
0     00008a5d  _RamfuncsLoadEnd                      
abs   0000002d  _RamfuncsLoadSize                     
0     00008a30  _RamfuncsLoadStart                    
0     00008a5d  _RamfuncsRunEnd                       
abs   0000002d  _RamfuncsRunSize                      
0     00008a30  _RamfuncsRunStart                     
1     0005e608  _RomPrefetchRegs                      
1     0005f540  _RomWaitStateRegs                     
1     000128c0  _SCI                                  
0     00008871  _SCIA_RX_ISR                          
0     0000887b  _SCIA_TX_ISR                          
0     00008885  _SCIB_RX_ISR                          
0     0000888f  _SCIB_TX_ISR                          
0     00008899  _SCIC_RX_ISR                          
0     000088a3  _SCIC_TX_ISR                          
0     000088ad  _SCID_RX_ISR                          
0     000088b7  _SCID_TX_ISR                          
0     000088c1  _SD1_ISR                              
0     000088cb  _SD2_ISR                              
1     000128cc  _SDFM                                 
1     000128da  _SPI                                  
0     000088d5  _SPIA_RX_ISR                          
0     000088df  _SPIA_TX_ISR                          
0     000088e9  _SPIB_RX_ISR                          
0     000088f3  _SPIB_TX_ISR                          
0     000088fd  _SPIC_RX_ISR                          
0     00008907  _SPIC_TX_ISR                          
0     00008911  _SYS_PLL_SLIP_ISR                     
1     00007200  _SciaRegs                             
1     00007210  _ScibRegs                             
1     00007220  _ScicRegs                             
1     00007230  _ScidRegs                             
1     00005e00  _Sdfm1Regs                            
1     00005e80  _Sdfm2Regs                            
0     00008a28  _SetDBGIER                            
1     00006100  _SpiaRegs                             
1     00006110  _SpibRegs                             
1     00006120  _SpicRegs                             
1     00007940  _SyncSocRegs                          
0     0000891b  _SysIntOsc1Sel                        
0     00008925  _SysIntOsc2Sel                        
0     00008487  _SysXtalOscSel                        
1     00012012  _TIC_time                             
1     00012016  _TIC_time_1                           
0     0000892f  _TIMER0_ISR                           
0     00008939  _TIMER1_ISR                           
0     00008943  _TIMER2_ISR                           
1     0001291a  _TRIP_SEL                             
0     0000894d  _UPPA_ISR                             
0     00008957  _USBA_ISR                             
0     00008961  _USER10_ISR                           
0     0000896b  _USER11_ISR                           
0     00008975  _USER12_ISR                           
0     0000897f  _USER1_ISR                            
0     00008989  _USER2_ISR                            
0     00008993  _USER3_ISR                            
0     0000899d  _USER4_ISR                            
0     000089a7  _USER5_ISR                            
0     000089b1  _USER6_ISR                            
0     000089bb  _USER7_ISR                            
0     000089c5  _USER8_ISR                            
0     000089cf  _USER9_ISR                            
1     00006200  _UppRegs                              
0     000089d9  _VCU_ISR                              
0     000089e3  _WAKE_ISR                             
1     00007000  _WdRegs                               
0     000089ed  _XINT1_ISR                            
0     000089f7  _XINT2_ISR                            
0     00008a01  _XINT3_ISR                            
0     00008a0b  _XINT4_ISR                            
0     00008a15  _XINT5_ISR                            
1     00007920  _XbarRegs                             
1     00007070  _XintRegs                             
1     00000600  __STACK_END                           
abs   00000200  __STACK_SIZE                          
1     00012890  ___TI_cleanup_ptr                     
1     00012892  ___TI_dtors_ptr                       
1     0001288e  ___TI_enable_exit_profile_output      
abs   ffffffff  ___TI_pprof_out_hndl                  
abs   ffffffff  ___TI_prof_data_size                  
abs   ffffffff  ___TI_prof_data_start                 
abs   ffffffff  ___binit__                            
abs   ffffffff  ___bss__                              
abs   ffffffff  ___c_args__                           
0     0000b000  ___cinit__                            
abs   ffffffff  ___end__                              
abs   ffffffff  ___etext__                            
abs   ffffffff  ___pinit__                            
abs   ffffffff  ___text__                             
0     00008425  __args_main                           
1     00012894  __lock                                
0     00008a27  __nop                                 
0     00008a23  __register_lock                       
0     00008a1f  __register_unlock                     
1     00000400  __stack                               
0     00008a2d  __system_post_cinit                   
0     00008a2b  __system_pre_init                     
1     00012896  __unlock                              
0     00008341  _abort                                
1     00012014  _angle_50Hz                           
1     0001200e  _angle_from_0_to_1                    
0     0000822e  _c_int00                              
1     0001b000  _coeff                                
0     00008284  _copy_in                              
1     0001a000  _dbuffer                              
0     000083f2  _ddcopy                               
0     000083f2  _dpcopy                               
0     00008343  _exit                                 
1     00012898  _firFP                                
1     00012001  _i                                    
0     00008000  _main                                 
0     000083d4  _memcpy                               
1     00012000  _num_of_min_passed                    
1     00012002  _num_of_s_passed                      
0     000083f2  _pdcopy                               
0     000083f2  _ppcopy                               
1     00012010  _ref_angle                            
1     00012040  _sigIn                                
1     00012480  _sigOut                               
1     00000600  _stack_end                            
1     00000400  _stack_start                          
1     00012006  _temp1                                
1     00012004  _temp2                                
1     0001200a  _temp3                                
1     0001288a  _tempSensor_scaleFactor               
1     00012888  _tempSensor_tempOffset                
1     0001288c  _tempSensor_tempSlope                 
1     00012008  _xn                                   
1     0001200c  _yn                                   
abs   ffffffff  binit                                 
0     0000b000  cinit                                 
0     00000000  code_start                            
abs   ffffffff  end                                   
abs   ffffffff  etext                                 
abs   ffffffff  pinit                                 


GLOBAL SYMBOLS: SORTED BY Symbol Address 

page  address   name                                  
----  -------   ----                                  
0     00000000  code_start                            
0     00000ce0  _Cla1SoftIntRegs                      
0     00008000  _main                                 
0     000080e4  _InitSysPll                           
0     000081aa  _InitPeripheralClocks                 
0     0000822e  _c_int00                              
0     00008284  _copy_in                              
0     000082ca  _InitSysCtrl                          
0     0000830a  _FIR_FP_init                          
0     00008316  _FIR_FP_calc                          
0     00008341  C$$EXIT                               
0     00008341  _abort                                
0     00008343  _exit                                 
0     0000836a  _InitPieVectTable                     
0     00008390  _GPIO_EnableUnbondedIOPullupsFor100Pin
0     000083b5  _InitPieCtrl                          
0     000083d4  _memcpy                               
0     000083f2  _ddcopy                               
0     000083f2  _dpcopy                               
0     000083f2  _pdcopy                               
0     000083f2  _ppcopy                               
0     0000840c  _GPIO_EnableUnbondedIOPullupsFor176Pin
0     00008425  __args_main                           
0     0000843e  LL$$AND                               
0     00008446  LL$$OR                                
0     0000844e  LL$$XOR                               
0     00008456  _GPIO_EnableUnbondedIOPullups         
0     0000846c  _DisableDog                           
0     0000847a  _EMPTY_ISR                            
0     00008487  _SysXtalOscSel                        
0     00008493  _ADCA1_ISR                            
0     0000849d  _ADCA2_ISR                            
0     000084a7  _ADCA3_ISR                            
0     000084b1  _ADCA4_ISR                            
0     000084bb  _ADCA_EVT_ISR                         
0     000084c5  _ADCB1_ISR                            
0     000084cf  _ADCB2_ISR                            
0     000084d9  _ADCB3_ISR                            
0     000084e3  _ADCB4_ISR                            
0     000084ed  _ADCB_EVT_ISR                         
0     000084f7  _ADCC1_ISR                            
0     00008501  _ADCC2_ISR                            
0     0000850b  _ADCC3_ISR                            
0     00008515  _ADCC4_ISR                            
0     0000851f  _ADCC_EVT_ISR                         
0     00008529  _ADCD1_ISR                            
0     00008533  _ADCD2_ISR                            
0     0000853d  _ADCD3_ISR                            
0     00008547  _ADCD4_ISR                            
0     00008551  _ADCD_EVT_ISR                         
0     0000855b  _AUX_PLL_SLIP_ISR                     
0     00008565  _CANA0_ISR                            
0     0000856f  _CANA1_ISR                            
0     00008579  _CANB0_ISR                            
0     00008583  _CANB1_ISR                            
0     0000858d  _CLA1_1_ISR                           
0     00008597  _CLA1_2_ISR                           
0     000085a1  _CLA1_3_ISR                           
0     000085ab  _CLA1_4_ISR                           
0     000085b5  _CLA1_5_ISR                           
0     000085bf  _CLA1_6_ISR                           
0     000085c9  _CLA1_7_ISR                           
0     000085d3  _CLA1_8_ISR                           
0     000085dd  _CLA_OVERFLOW_ISR                     
0     000085e7  _CLA_UNDERFLOW_ISR                    
0     000085f1  _DATALOG_ISR                          
0     000085fb  _DMA_CH1_ISR                          
0     00008605  _DMA_CH2_ISR                          
0     0000860f  _DMA_CH3_ISR                          
0     00008619  _DMA_CH4_ISR                          
0     00008623  _DMA_CH5_ISR                          
0     0000862d  _DMA_CH6_ISR                          
0     00008637  _ECAP1_ISR                            
0     00008641  _ECAP2_ISR                            
0     0000864b  _ECAP3_ISR                            
0     00008655  _ECAP4_ISR                            
0     0000865f  _ECAP5_ISR                            
0     00008669  _ECAP6_ISR                            
0     00008673  _EMIF_ERROR_ISR                       
0     0000867d  _EMU_ISR                              
0     00008687  _EPWM10_ISR                           
0     00008691  _EPWM10_TZ_ISR                        
0     0000869b  _EPWM11_ISR                           
0     000086a5  _EPWM11_TZ_ISR                        
0     000086af  _EPWM12_ISR                           
0     000086b9  _EPWM12_TZ_ISR                        
0     000086c3  _EPWM1_ISR                            
0     000086cd  _EPWM1_TZ_ISR                         
0     000086d7  _EPWM2_ISR                            
0     000086e1  _EPWM2_TZ_ISR                         
0     000086eb  _EPWM3_ISR                            
0     000086f5  _EPWM3_TZ_ISR                         
0     000086ff  _EPWM4_ISR                            
0     00008709  _EPWM4_TZ_ISR                         
0     00008713  _EPWM5_ISR                            
0     0000871d  _EPWM5_TZ_ISR                         
0     00008727  _EPWM6_ISR                            
0     00008731  _EPWM6_TZ_ISR                         
0     0000873b  _EPWM7_ISR                            
0     00008745  _EPWM7_TZ_ISR                         
0     0000874f  _EPWM8_ISR                            
0     00008759  _EPWM8_TZ_ISR                         
0     00008763  _EPWM9_ISR                            
0     0000876d  _EPWM9_TZ_ISR                         
0     00008777  _EQEP1_ISR                            
0     00008781  _EQEP2_ISR                            
0     0000878b  _EQEP3_ISR                            
0     00008795  _FLASH_CORRECTABLE_ERROR_ISR          
0     0000879f  _FPU_OVERFLOW_ISR                     
0     000087a9  _FPU_UNDERFLOW_ISR                    
0     000087b3  _I2CA_FIFO_ISR                        
0     000087bd  _I2CA_ISR                             
0     000087c7  _I2CB_FIFO_ISR                        
0     000087d1  _I2CB_ISR                             
0     000087db  _ILLEGAL_ISR                          
0     000087e5  _IPC0_ISR                             
0     000087ef  _IPC1_ISR                             
0     000087f9  _IPC2_ISR                             
0     00008803  _IPC3_ISR                             
0     0000880d  _MCBSPA_RX_ISR                        
0     00008817  _MCBSPA_TX_ISR                        
0     00008821  _MCBSPB_RX_ISR                        
0     0000882b  _MCBSPB_TX_ISR                        
0     00008835  _NMI_ISR                              
0     0000883f  _NOTUSED_ISR                          
0     00008849  _PIE_RESERVED_ISR                     
0     00008853  _RAM_ACCESS_VIOLATION_ISR             
0     0000885d  _RAM_CORRECTABLE_ERROR_ISR            
0     00008867  _RTOS_ISR                             
0     00008871  _SCIA_RX_ISR                          
0     0000887b  _SCIA_TX_ISR                          
0     00008885  _SCIB_RX_ISR                          
0     0000888f  _SCIB_TX_ISR                          
0     00008899  _SCIC_RX_ISR                          
0     000088a3  _SCIC_TX_ISR                          
0     000088ad  _SCID_RX_ISR                          
0     000088b7  _SCID_TX_ISR                          
0     000088c1  _SD1_ISR                              
0     000088cb  _SD2_ISR                              
0     000088d5  _SPIA_RX_ISR                          
0     000088df  _SPIA_TX_ISR                          
0     000088e9  _SPIB_RX_ISR                          
0     000088f3  _SPIB_TX_ISR                          
0     000088fd  _SPIC_RX_ISR                          
0     00008907  _SPIC_TX_ISR                          
0     00008911  _SYS_PLL_SLIP_ISR                     
0     0000891b  _SysIntOsc1Sel                        
0     00008925  _SysIntOsc2Sel                        
0     0000892f  _TIMER0_ISR                           
0     00008939  _TIMER1_ISR                           
0     00008943  _TIMER2_ISR                           
0     0000894d  _UPPA_ISR                             
0     00008957  _USBA_ISR                             
0     00008961  _USER10_ISR                           
0     0000896b  _USER11_ISR                           
0     00008975  _USER12_ISR                           
0     0000897f  _USER1_ISR                            
0     00008989  _USER2_ISR                            
0     00008993  _USER3_ISR                            
0     0000899d  _USER4_ISR                            
0     000089a7  _USER5_ISR                            
0     000089b1  _USER6_ISR                            
0     000089bb  _USER7_ISR                            
0     000089c5  _USER8_ISR                            
0     000089cf  _USER9_ISR                            
0     000089d9  _VCU_ISR                              
0     000089e3  _WAKE_ISR                             
0     000089ed  _XINT1_ISR                            
0     000089f7  _XINT2_ISR                            
0     00008a01  _XINT3_ISR                            
0     00008a0b  _XINT4_ISR                            
0     00008a15  _XINT5_ISR                            
0     00008a1f  __register_unlock                     
0     00008a23  __register_lock                       
0     00008a27  __nop                                 
0     00008a28  _SetDBGIER                            
0     00008a2b  __system_pre_init                     
0     00008a2d  __system_post_cinit                   
0     00008a30  _InitFlash                            
0     00008a30  _RamfuncsLoadStart                    
0     00008a30  _RamfuncsRunStart                     
0     00008a59  _F28x_usDelay                         
0     00008a5d  _RamfuncsLoadEnd                      
0     00008a5d  _RamfuncsRunEnd                       
0     0000b000  ___cinit__                            
0     0000b000  cinit                                 
1     00000400  __stack                               
1     00000400  _stack_start                          
1     00000600  __STACK_END                           
1     00000600  _stack_end                            
1     00000b00  _AdcaResultRegs                       
1     00000b20  _AdcbResultRegs                       
1     00000b40  _AdccResultRegs                       
1     00000b60  _AdcdResultRegs                       
1     00000c00  _CpuTimer0Regs                        
1     00000c08  _CpuTimer1Regs                        
1     00000c10  _CpuTimer2Regs                        
1     00000ce0  _PieCtrlRegs                          
1     00000d00  _EmuKey                               
1     00000d00  _PieVectTable                         
1     00000d01  _EmuBMode                             
1     00001000  _DmaRegs                              
1     00001400  _Cla1Regs                             
1     00004000  _EPwm1Regs                            
1     00004100  _EPwm2Regs                            
1     00004200  _EPwm3Regs                            
1     00004300  _EPwm4Regs                            
1     00004400  _EPwm5Regs                            
1     00004500  _EPwm6Regs                            
1     00004600  _EPwm7Regs                            
1     00004700  _EPwm8Regs                            
1     00004800  _EPwm9Regs                            
1     00004900  _EPwm10Regs                           
1     00004a00  _EPwm11Regs                           
1     00004b00  _EPwm12Regs                           
1     00005000  _ECap1Regs                            
1     00005020  _ECap2Regs                            
1     00005040  _ECap3Regs                            
1     00005060  _ECap4Regs                            
1     00005080  _ECap5Regs                            
1     000050a0  _ECap6Regs                            
1     00005100  _EQep1Regs                            
1     00005140  _EQep2Regs                            
1     00005180  _EQep3Regs                            
1     00005c00  _DacaRegs                             
1     00005c10  _DacbRegs                             
1     00005c20  _DaccRegs                             
1     00005c80  _Cmpss1Regs                           
1     00005ca0  _Cmpss2Regs                           
1     00005cc0  _Cmpss3Regs                           
1     00005ce0  _Cmpss4Regs                           
1     00005d00  _Cmpss5Regs                           
1     00005d20  _Cmpss6Regs                           
1     00005d40  _Cmpss7Regs                           
1     00005d60  _Cmpss8Regs                           
1     00005e00  _Sdfm1Regs                            
1     00005e80  _Sdfm2Regs                            
1     00006000  _McbspaRegs                           
1     00006040  _McbspbRegs                           
1     00006100  _SpiaRegs                             
1     00006110  _SpibRegs                             
1     00006120  _SpicRegs                             
1     00006200  _UppRegs                              
1     00007000  _WdRegs                               
1     00007060  _NmiIntruptRegs                       
1     00007070  _XintRegs                             
1     00007200  _SciaRegs                             
1     00007210  _ScibRegs                             
1     00007220  _ScicRegs                             
1     00007230  _ScidRegs                             
1     00007300  _I2caRegs                             
1     00007340  _I2cbRegs                             
1     00007400  _AdcaRegs                             
1     00007480  _AdcbRegs                             
1     00007500  _AdccRegs                             
1     00007580  _AdcdRegs                             
1     00007900  _InputXbarRegs                        
1     00007920  _XbarRegs                             
1     00007940  _SyncSocRegs                          
1     00007980  _DmaClaSrcSelRegs                     
1     00007a00  _EPwmXbarRegs                         
1     00007a80  _OutputXbarRegs                       
1     00007c00  _GpioCtrlRegs                         
1     00007f00  _GpioDataRegs                         
1     00012000  _num_of_min_passed                    
1     00012001  _i                                    
1     00012002  _num_of_s_passed                      
1     00012004  _temp2                                
1     00012006  _temp1                                
1     00012008  _xn                                   
1     0001200a  _temp3                                
1     0001200c  _yn                                   
1     0001200e  _angle_from_0_to_1                    
1     00012010  _ref_angle                            
1     00012012  _TIC_time                             
1     00012014  _angle_50Hz                           
1     00012016  _TIC_time_1                           
1     00012040  _sigIn                                
1     00012480  _sigOut                               
1     00012888  _tempSensor_tempOffset                
1     0001288a  _tempSensor_scaleFactor               
1     0001288c  _tempSensor_tempSlope                 
1     0001288e  ___TI_enable_exit_profile_output      
1     00012890  ___TI_cleanup_ptr                     
1     00012892  ___TI_dtors_ptr                       
1     00012894  __lock                                
1     00012896  __unlock                              
1     00012898  _firFP                                
1     000128c0  _SCI                                  
1     000128c4  _MCBSP                                
1     000128c8  _I2C                                  
1     000128cc  _SDFM                                 
1     000128d2  _EQEP                                 
1     000128da  _SPI                                  
1     000128e2  _ADC                                  
1     000128ec  _ECAP                                 
1     00012900  _EPWM                                 
1     0001291a  _TRIP_SEL                             
1     00012938  _PieVectTableInit                     
1     0001a000  _dbuffer                              
1     0001b000  _coeff                                
1     00047000  _Emif1Regs                            
1     00047800  _Emif2Regs                            
1     00050000  _IpcRegs                              
1     00050024  _FlashPumpSemaphoreRegs               
1     0005d000  _DevCfgRegs                           
1     0005d180  _AnalogSubsysRegs                     
1     0005d200  _ClkCfgRegs                           
1     0005d300  _CpuSysRegs                           
1     0005e608  _RomPrefetchRegs                      
1     0005f000  _DcsmZ1Regs                           
1     0005f040  _DcsmZ2Regs                           
1     0005f070  _DcsmCommonRegs                       
1     0005f400  _MemCfgRegs                           
1     0005f480  _Emif1ConfigRegs                      
1     0005f4a0  _Emif2ConfigRegs                      
1     0005f4c0  _AccessProtectionRegs                 
1     0005f500  _MemoryErrorRegs                      
1     0005f540  _RomWaitStateRegs                     
1     0005f800  _Flash0CtrlRegs                       
1     0005fb00  _Flash0EccRegs                        
1     00078000  _DcsmZ1Otp                            
1     00078200  _DcsmZ2Otp                            
abs   0000002d  _RamfuncsLoadSize                     
abs   0000002d  _RamfuncsRunSize                      
abs   00000200  __STACK_SIZE                          
abs   ffffffff  .bss                                  
abs   ffffffff  .text                                 
abs   ffffffff  ___TI_pprof_out_hndl                  
abs   ffffffff  ___TI_prof_data_size                  
abs   ffffffff  ___TI_prof_data_start                 
abs   ffffffff  ___binit__                            
abs   ffffffff  ___bss__                              
abs   ffffffff  ___c_args__                           
abs   ffffffff  ___end__                              
abs   ffffffff  ___etext__                            
abs   ffffffff  ___pinit__                            
abs   ffffffff  ___text__                             
abs   ffffffff  binit                                 
abs   ffffffff  end                                   
abs   ffffffff  etext                                 
abs   ffffffff  pinit                                 

[342 symbols]
